Using pip 24.0 from C:\laragon\www\Phising\.venv-gpu\Lib\site-packages\pip (python 3.11)
Collecting torch-directml
  Obtaining dependency information for torch-directml from https://files.pythonhosted.org/packages/84/8b/00528e6c75e030cc5f1fc1d08c58c46ecdbec9cd406b1dfd03023e3af4aa/torch_directml-0.2.5.dev240914-cp311-cp311-win_amd64.whl.metadata
  Using cached torch_directml-0.2.5.dev240914-cp311-cp311-win_amd64.whl.metadata (6.2 kB)
Collecting torch==2.4.1 (from torch-directml)
  Obtaining dependency information for torch==2.4.1 from https://files.pythonhosted.org/packages/5a/6a/775b93d6888c31f1f1fc457e4f5cc89f0984412d5dcdef792b8f2aa6e812/torch-2.4.1-cp311-cp311-win_amd64.whl.metadata
  Using cached torch-2.4.1-cp311-cp311-win_amd64.whl.metadata (27 kB)
Collecting torchvision==0.19.1 (from torch-directml)
  Obtaining dependency information for torchvision==0.19.1 from https://files.pythonhosted.org/packages/f8/69/dc769cf54df8e828c0b8957b4521f35178f5bd4cc5b8fbe8a37ffd89a27c/torchvision-0.19.1-cp311-cp311-win_amd64.whl.metadata
  Using cached torchvision-0.19.1-cp311-cp311-win_amd64.whl.metadata (6.1 kB)
Collecting filelock (from torch==2.4.1->torch-directml)
  Obtaining dependency information for filelock from https://files.pythonhosted.org/packages/81/47/dd9a212ef6e343a6857485ffe25bba537304f1913bdbed446a23f7f592e1/filelock-3.29.0-py3-none-any.whl.metadata
  Using cached filelock-3.29.0-py3-none-any.whl.metadata (2.0 kB)
Requirement already satisfied: typing-extensions>=4.8.0 in c:\laragon\www\phising\.venv-gpu\lib\site-packages (from torch==2.4.1->torch-directml) (4.15.0)
Requirement already satisfied: sympy in c:\laragon\www\phising\.venv-gpu\lib\site-packages (from torch==2.4.1->torch-directml) (1.14.0)
Collecting networkx (from torch==2.4.1->torch-directml)
  Obtaining dependency information for networkx from https://files.pythonhosted.org/packages/9e/c9/b2622292ea83fbb4ec318f5b9ab867d0a28ab43c5717bb85b0a5f6b3b0a4/networkx-3.6.1-py3-none-any.whl.metadata
  Using cached networkx-3.6.1-py3-none-any.whl.metadata (6.8 kB)
Collecting jinja2 (from torch==2.4.1->torch-directml)
  Obtaining dependency information for jinja2 from https://files.pythonhosted.org/packages/62/a1/3d680cbfd5f4b8f15abc1d571870c5fc3e594bb582bc3b64ea099db13e56/jinja2-3.1.6-py3-none-any.whl.metadata
  Using cached jinja2-3.1.6-py3-none-any.whl.metadata (2.9 kB)
Collecting fsspec (from torch==2.4.1->torch-directml)
  Obtaining dependency information for fsspec from https://files.pythonhosted.org/packages/d5/0c/043d5e551459da400957a1395e0febbf771446ff34291afcbe3d8be2a279/fsspec-2026.4.0-py3-none-any.whl.metadata
  Using cached fsspec-2026.4.0-py3-none-any.whl.metadata (10 kB)
Requirement already satisfied: numpy in c:\laragon\www\phising\.venv-gpu\lib\site-packages (from torchvision==0.19.1->torch-directml) (2.4.6)
Requirement already satisfied: pillow!=8.3.*,>=5.3.0 in c:\laragon\www\phising\.venv-gpu\lib\site-packages (from torchvision==0.19.1->torch-directml) (12.2.0)
Collecting MarkupSafe>=2.0 (from jinja2->torch==2.4.1->torch-directml)
  Obtaining dependency information for MarkupSafe>=2.0 from https://files.pythonhosted.org/packages/83/8a/4414c03d3f891739326e1783338e48fb49781cc915b2e0ee052aa490d586/markupsafe-3.0.3-cp311-cp311-win_amd64.whl.metadata
  Using cached markupsafe-3.0.3-cp311-cp311-win_amd64.whl.metadata (2.8 kB)
Requirement already satisfied: mpmath<1.4,>=1.1.0 in c:\laragon\www\phising\.venv-gpu\lib\site-packages (from sympy->torch==2.4.1->torch-directml) (1.3.0)
Using cached torch_directml-0.2.5.dev240914-cp311-cp311-win_amd64.whl (9.0 MB)
Using cached torch-2.4.1-cp311-cp311-win_amd64.whl (199.4 MB)
Using cached torchvision-0.19.1-cp311-cp311-win_amd64.whl (1.3 MB)
Using cached filelock-3.29.0-py3-none-any.whl (39 kB)
Using cached fsspec-2026.4.0-py3-none-any.whl (203 kB)
Using cached jinja2-3.1.6-py3-none-any.whl (134 kB)
Using cached networkx-3.6.1-py3-none-any.whl (2.1 MB)
Using cached markupsafe-3.0.3-cp311-cp311-win_amd64.whl (15 kB)
Installing collected packages: networkx, MarkupSafe, fsspec, filelock, jinja2, torch, torchvision, torch-directml
Successfully installed MarkupSafe-3.0.3 filelock-3.29.0 fsspec-2026.4.0 jinja2-3.1.6 networkx-3.6.1 torch-2.4.1 torch-directml-0.2.5.dev240914 torchvision-0.19.1

[notice] A new release of pip is available: 24.0 -> 26.1.1
[notice] To update, run: C:\laragon\www\Phising\.venv-gpu\Scripts\python.exe -m pip install --upgrade pip
